	<!doctype html>
<html lang="en">
<head>
	<meta charset="UTF-8">
	<meta property="qc:admins" content="4553322067645776654" />
	<meta name="baidu-site-verification" content="xC1m9aYTgX" />
	<title>迷笛！迷笛！-落网</title> 
	<meta name="description" content="或许你曾跟我一样，在阳光下，在泥土中，在草地上，尽情的摇滚。记得二手主唱很早以前说过一句话，中国摇滚不牛逼，牛逼的是你们...">
	<meta name="keywords" content="迷笛！迷笛！,华语,China">
	<link rel="stylesheet" href="http://s.luoo.net/css/vol.css?v2.3.1">
	<link type="image/x-icon" href="http://www.luoo.net/favicon.ico" rel="shortcut icon">	
	<script src="http://s.luoo.net/thirdparty/jquery/jquery-1.11.0.min.js?v2.3.1"></script>
	
		<script src="http://s.luoo.net/js/luoo.js?v2.3.1"></script>
			<script>
	    if( $.luoo.browser()['ie'] && $.luoo.browser()['version'] < 8 )
	    {
	    	window.location.href = 'http://www.luoo.net/browser_not_supported/';
	    }
	</script>
</head>
<body>
		
	<!-- header start -->
	<div class="header">
		<div class="header-ct">
			<a href="http://www.luoo.net" class="logo">
				<span class="icon-logo"></span>落网
			</a>
			<div class="nav">
				<ul class="clearfix">
					<li><a href="http://www.luoo.net/music/">期刊</a></li>
					<li><a href="http://www.luoo.net/musician/">推荐</a></li>
					<li><a href="http://www.luoo.net/event/">活动</a></li>
					<li><a href="http://www.luoo.net/app/">APP</a></li>				
				</ul>

			</div>
			
				<div class="head-search">
					<form class="search-form" action="http://www.luoo.net/search/" id="headSearchForm">
						<input type="text" class="search-input" name="q" autocomplete="off">
						<button class="search-btn" type="submit">
							<span class="icon-search"></span>
						</button>
					</form>
				</div>			<!-- logged-in-wrapper -->
			<div class="logged-in-wrapper" id="loggedInWrapper">
				
			</div>
			<!-- logged-in-wrapper end-->

			<div class="logged-out-wrapper" id="loggedOutWrapper" data-remote="http://www.luoo.net/login/dialog" data-tipid="headLoginDialog" data-width="235" data-show="mouseenter" data-adjusty="-12">
				<a href="javascript:;" rel="nofollow" class="ln-top-login"> 注册/登录 </a>
				
			</div>
			<!-- logged-out-wrapper -->
		</div>
	</div>
	<!--/// header end -->	<div class="container ct-sm">
		<div class="vol-tags clearfix">
			<a href="http://www.luoo.net/music/" class="nav-back">
				<i class="icon-back"></i>
				返回期刊首页
			</a>
			<a href="http://www.luoo.net/music/china" target="_blank" class="vol-tag-item">#华语</a>		</div>
		<h1 class="vol-name">
			<span class="vol-number rounded">652</span>
			<span class="vol-title">迷笛！迷笛！</span>
		</h1>
		<div class="vol-cover-wrapper" id="volCoverWrapper">
			<img src="http://img2.luoo.net/pics/vol/54218f5e7a1ee.jpg_640x452.jpg" alt="迷笛！迷笛！" class="vol-cover">
			<a href="http://www.luoo.net/music/651" class="nav-next" title="前一期">&nbsp;</a>			
		</div>
		
		<div class="vol-desc">
			或许你曾跟我一样，在阳光下，在泥土中，在草地上，尽情的摇滚。记得二手主唱很早以前说过一句话，中国摇滚不牛逼，牛逼的是你们这群还在坚持听摇滚的犊子们，是啊，坚持，还能坚持多久，一直以来，每一次的迷笛，我都会当成最后一场看，人世无常，不知道会发生什么，然后这种思想会让我倍加珍惜每次的音乐节，珍惜那三天短暂的时光，珍惜那在三天一起POGO，一起跳水，一起死墙，一起开火车，在露营区一起喝酒，一起唱歌，一起谈理想谈人生完了抱一起大哭说来年再见的伙伴们。<br>
<br>
还记得去年长江迷笛结束后，跟大伙告完别，很颓废得走回了正在拆台的迷笛现场，看着正在拆的唐舞台，看着背着包回去的人们，看着挥手，拥抱，眼含泪光告别的人们，心里特难过，大家都知道天下没有不散的迷笛，但是都不愿放下手中的酒，可不可以不走！<br>
<br>
记得08年，看了后革命时代，知道了树村，知道了迷笛音乐节，那时就觉得，必须得看一次迷笛，09年是第一次看迷笛，或许我把第一次献给了迷笛，导致我有迷笛情节。感谢这几年来在路上帮助过我的人，感想那些在POGO时摔倒扶起我的人们，感谢这几年搭车载我的人们，感谢这些年在路上帮助过我的人们，感谢这几年一起吃肉喝酒看演出的伙伴们，或许没有你们，我也不会坚持多久，迷笛就像毒一样，会上瘾，会发作，然后迷笛结束之后也会有很长一段时间的迷笛后遗症，会什么都不想干，会在家无脑的POGO ，会在群里跟朋友们怀念三天的美好时光，会在计算下次迷笛是什么时候，会开始倒计时。记得校长说过：“迷笛是节，是属于铁托的节日，不管平时生活有多压抑，多么无趣，但是在那三天，你会忘记所有的不愉快，在一席荒草上，尽情的摇滚。”或许这就是迷笛的真正意义：释放自己，找回自己。<br>
<br>
迷笛就是一个乌托邦，承载了太多人的梦，或许你会在迷笛找到你真正想要的，或许你会在迷笛找到真爱，或许你会在迷笛找到果儿，或许你会在迷笛找到皂友，或许你会在迷笛结束后辞去工作，找回真的自己，背上包，踏上属于那条自己真正想要的路，或许你会找到那个丢了的自己， 我不知道还能坚持多久，很久以来我都有个愿望，在迷笛求婚，生个迷笛宝宝，一家三口一起迷笛，一起摇滚。 <br>
<br>
天下没有不散的迷笛，但是我们都别让梦醒来！<br>
<br>
文字 /躁叔是逗逼<br>
<br>
备注：这一期音乐为迷笛历年来的主题曲，相信大家都早已经耳熟能详。还有一个星期，上海长江迷笛即将开始，嘿！亲爱的宝贝，我们迷笛见！<br>
<br>
另：落网十一周年纪念t恤今天已正式上架落网淘宝店，有需要的可以前去购买.<br>
地址：http://indier.taobao.com/		</div>
		<div class="clearfix vol-meta">
			<img src="http://img2.luoo.net/pics/avatars/u5000_1400140733.png_128x128.jpg" alt="落在低处" class="author-avatar rounded">
			<a class="vol-author" href="http://www.luoo.net/author/5000" target="_blank">落在低处</a> 
			<span class="separator fleft">&#12539;</span>
			<span class="vol-date">2014-09-23</span>
			<a href="javascript:;" class="btn-action-like icon-fav" data-id="663" data-langliked="取消收藏" data-langlike="收藏"  data-type="vol" data-tipid="volFavorDialog" title="收藏"></a>	
			<a href="javascript:;" class="icon-share btn-action-share" data-app="vol" data-id="652" data-text="分享一期来自落网的音乐【vol.652 迷笛！迷笛！ 】（分享自@落网电台）" data-img="http://img2.luoo.net/pics/vol/54218f5e7a1ee.jpg_640x452.jpg" rel="nofollow">
			</a>
						
		</div>
		<!-- tracklist -->
		<div class="vol-tracklist" id="luooPlayerPlaylist">
			<div class="player-large rounded clearfix">
				<div class="cover-wrapper">
					<img src="http://s.luoo.net/img/player-large-loading.png" class="cover rounded PLCover">
				</div>

				<div class="player-ct" id="playerCt">
					<div class="clearfix">						
						<a href="javascript:;" rel="nofollow" class="icon-lyric"></a>											
						<a href="javascript:;" rel="nofollow" class="btn-action-share icon-share PLShare"  data-app="single"></a>
						<a href="javascript:;" rel="nofollow" class="btn-action-like icon-fav PLFav" data-type="single" data-cback="single_like_callback"></a>
					</div>
					<div class="trackname">
						<p class="PLTrackname" title="">Loading...</p>			
					</div>
					<p class="track-meta">Artist: <span class="PLArtist" title="">Loading...</span></p>
					<p class="track-meta">Album: <span class="PLAlbum" title="">Loading...</span></p>
					<div class="btn-wrapper">
						<a href="javascript:;" rel="nofollow" class="jp-previous" title="上一曲">
							<span class="icon-prev-lg"></span>
						</a>
						<a href="javascript:;" rel="nofollow" class="jp-play" title="播放">
							<span class="icon-play-lg"></span>
						</a>
						<a href="javascript:;" rel="nofollow" class="jp-pause" title="暂停" style="display: none;">
							<span class="icon-pause-lg"></span>
						</a>
						<a href="javascript:;" rel="nofollow" class="jp-next margin-right-0" title="下一曲">
							<span class="icon-next-lg"></span>
						</a>
					</div>
					<div class="clearfix">
						<div class="progress rounded">
							<div class="loaded rounded" style="width: 100%;">
								<div class="escaped rounded" style="width: 0%;"></div>
							</div>							
						</div>
						<div class="duration" id="PLDuration">
							<span class="current-time">00:00</span><span>/</span><span class="total-time">00:00</span> 
						</div>

						<a href="javascript:;" rel="nofollow" class="btn-volume" id="PLBtnVolume">								
							<span class="icon-unmute"></span>
						</a>
						
						<div class="volume-bar-wrapper" id="PLVolBar">
							<div class="volume-bar jp-volume-bar">
								<div class="volume-bar-value jp-volume-bar-value"></div>
							</div>
						</div>

						<a href="javascript:;" rel="nofollow" class="btn-repeat jp-repeatone-off" title="列表循环">
							<span class="icon-repeat"></span>
						</a>
						<a href="javascript:;" rel="nofollow" class="btn-repeat jp-repeatone" title="单曲循环" style="display: none;">
							<span class="icon-repeat-one"></span>
						</a>
					</div>
				</div>
				<!-- playerCt end /// -->
				<div class="lyric-wrapper" id="lyricWrapper">
					<div class="lyric-hd clearfix">
						<div class="track-info">
							<p class="trackname PLTrackname">Loading...</p>
							<p class="artist PLArtist">Loading...</p>
						</div>
						<a href="javascript:;" rel="nofollow" class="icon-lyric-active"></a>											
						<a href="javascript:;" rel="nofollow" class="btn-action-share icon-share PLShare"  data-app="single"></a>
						<a href="javascript:;" rel="nofollow" class="btn-action-like icon-fav PLFav" data-type="single" data-cback="single_like_callback"></a>
					</div>
					
					<div class="lyric-ct" id="lyricCt">
						
					</div>
				</div>
			</div>
			<!-- player-large end /// -->

			<ul>
				
						<li class="track-item rounded" id="track12519" data-fav="0">
							<div class="track-wrapper clearfix">				
								<span class="btn-control btn-play">
									<i class="icon-status-play"></i>
									<i class="icon-status-pause"></i>
								</span>
								<a href="javascript:;" rel="nofollow" class="trackname btn-play">01. 出发</a>
								<span class="artist btn-play">大红袍乐队</span>
								
								<a href="javascript:;" rel="nofollow" class="icon-info" data-sid="12519" data-sname="出发"></a>
													
								<a href="javascript:;" rel="nofollow" class="btn-action-share icon-share"  data-app="single" data-id="12519" data-text="推荐大红袍乐队的歌曲《出发》（分享自@落网电台）" data-img="http://img2.luoo.net/pics/albums/7147/cover.jpg_580x580.jpg">
								</a>

								<a href="javascript:;" rel="nofollow" class="btn-action-like icon icon-fav" data-id="12519" data-type="single" data-cback="single_like_callback">
								</a>	

							</div>
							<div class="track-detail-wrapper" id="trackDetailWrapper12519">
								<div class="track-detail-arrow">
									<img src="http://s.luoo.net/img/trian.png" />
								</div>
								<div class="track-detail rounded clearfix">
									<div class="player-wrapper">
										<img src="http://img2.luoo.net/pics/albums/7147/cover.jpg_580x580.jpg" alt="乐队小样" class="cover rounded">
										<p class="name">出发</p>
										<p class="artist">Artist: 大红袍乐队</p>
										<p class="album">Album: 乐队小样</p>
									</div>
									<div class="lyric-wrapper">
										<div class="lyric-content">
										</div>
									</div>
								</div>
							</div>						
							<!--track-detail-wrapper end-->
						</li>
						
						<li class="track-item rounded" id="track12520" data-fav="0">
							<div class="track-wrapper clearfix">				
								<span class="btn-control btn-play">
									<i class="icon-status-play"></i>
									<i class="icon-status-pause"></i>
								</span>
								<a href="javascript:;" rel="nofollow" class="trackname btn-play">02. 公路之歌</a>
								<span class="artist btn-play">痛仰乐队</span>
								
								<a href="javascript:;" rel="nofollow" class="icon-info" data-sid="12520" data-sname="公路之歌"></a>
													
								<a href="javascript:;" rel="nofollow" class="btn-action-share icon-share"  data-app="single" data-id="12520" data-text="推荐痛仰乐队的歌曲《公路之歌》（分享自@落网电台）" data-img="http://img2.luoo.net/pics/albums/7148/cover.jpg_580x580.jpg">
								</a>

								<a href="javascript:;" rel="nofollow" class="btn-action-like icon icon-fav" data-id="12520" data-type="single" data-cback="single_like_callback">
								</a>	

							</div>
							<div class="track-detail-wrapper" id="trackDetailWrapper12520">
								<div class="track-detail-arrow">
									<img src="http://s.luoo.net/img/trian.png" />
								</div>
								<div class="track-detail rounded clearfix">
									<div class="player-wrapper">
										<img src="http://img2.luoo.net/pics/albums/7148/cover.jpg_580x580.jpg" alt="不要停止我的音乐" class="cover rounded">
										<p class="name">公路之歌</p>
										<p class="artist">Artist: 痛仰乐队</p>
										<p class="album">Album: 不要停止我的音乐</p>
									</div>
									<div class="lyric-wrapper">
										<div class="lyric-content">
										</div>
									</div>
								</div>
							</div>						
							<!--track-detail-wrapper end-->
						</li>
						
						<li class="track-item rounded" id="track12521" data-fav="0">
							<div class="track-wrapper clearfix">				
								<span class="btn-control btn-play">
									<i class="icon-status-play"></i>
									<i class="icon-status-pause"></i>
								</span>
								<a href="javascript:;" rel="nofollow" class="trackname btn-play">03. 还我蔚蓝</a>
								<span class="artist btn-play">反光镜乐队</span>
								
								<a href="javascript:;" rel="nofollow" class="icon-info" data-sid="12521" data-sname="还我蔚蓝"></a>
													
								<a href="javascript:;" rel="nofollow" class="btn-action-share icon-share"  data-app="single" data-id="12521" data-text="推荐反光镜乐队的歌曲《还我蔚蓝》（分享自@落网电台）" data-img="http://img2.luoo.net/pics/albums/313/cover.jpg_580x580.jpg">
								</a>

								<a href="javascript:;" rel="nofollow" class="btn-action-like icon icon-fav" data-id="12521" data-type="single" data-cback="single_like_callback">
								</a>	

							</div>
							<div class="track-detail-wrapper" id="trackDetailWrapper12521">
								<div class="track-detail-arrow">
									<img src="http://s.luoo.net/img/trian.png" />
								</div>
								<div class="track-detail rounded clearfix">
									<div class="player-wrapper">
										<img src="http://img2.luoo.net/pics/albums/313/cover.jpg_580x580.jpg" alt="成长瞬间" class="cover rounded">
										<p class="name">还我蔚蓝</p>
										<p class="artist">Artist: 反光镜乐队</p>
										<p class="album">Album: 成长瞬间</p>
									</div>
									<div class="lyric-wrapper">
										<div class="lyric-content">
										</div>
									</div>
								</div>
							</div>						
							<!--track-detail-wrapper end-->
						</li>
						
						<li class="track-item rounded" id="track12522" data-fav="0">
							<div class="track-wrapper clearfix">				
								<span class="btn-control btn-play">
									<i class="icon-status-play"></i>
									<i class="icon-status-pause"></i>
								</span>
								<a href="javascript:;" rel="nofollow" class="trackname btn-play">04. 永远的乌托邦</a>
								<span class="artist btn-play">脑浊乐队</span>
								
								<a href="javascript:;" rel="nofollow" class="icon-info" data-sid="12522" data-sname="永远的乌托邦"></a>
													
								<a href="javascript:;" rel="nofollow" class="btn-action-share icon-share"  data-app="single" data-id="12522" data-text="推荐脑浊乐队的歌曲《永远的乌托邦》（分享自@落网电台）" data-img="http://img2.luoo.net/pics/albums/7149/cover.jpg_580x580.jpg">
								</a>

								<a href="javascript:;" rel="nofollow" class="btn-action-like icon icon-fav" data-id="12522" data-type="single" data-cback="single_like_callback">
								</a>	

							</div>
							<div class="track-detail-wrapper" id="trackDetailWrapper12522">
								<div class="track-detail-arrow">
									<img src="http://s.luoo.net/img/trian.png" />
								</div>
								<div class="track-detail rounded clearfix">
									<div class="player-wrapper">
										<img src="http://img2.luoo.net/pics/albums/7149/cover.jpg_580x580.jpg" alt="永远的乌托邦" class="cover rounded">
										<p class="name">永远的乌托邦</p>
										<p class="artist">Artist: 脑浊乐队</p>
										<p class="album">Album: 永远的乌托邦</p>
									</div>
									<div class="lyric-wrapper">
										<div class="lyric-content">
										</div>
									</div>
								</div>
							</div>						
							<!--track-detail-wrapper end-->
						</li>
						
						<li class="track-item rounded" id="track12523" data-fav="0">
							<div class="track-wrapper clearfix">				
								<span class="btn-control btn-play">
									<i class="icon-status-play"></i>
									<i class="icon-status-pause"></i>
								</span>
								<a href="javascript:;" rel="nofollow" class="trackname btn-play">05. 理解</a>
								<span class="artist btn-play">病蛹乐队</span>
								
								<a href="javascript:;" rel="nofollow" class="icon-info" data-sid="12523" data-sname="理解"></a>
													
								<a href="javascript:;" rel="nofollow" class="btn-action-share icon-share"  data-app="single" data-id="12523" data-text="推荐病蛹乐队的歌曲《理解》（分享自@落网电台）" data-img="http://img2.luoo.net/pics/albums/7150/cover.jpg_580x580.jpg">
								</a>

								<a href="javascript:;" rel="nofollow" class="btn-action-like icon icon-fav" data-id="12523" data-type="single" data-cback="single_like_callback">
								</a>	

							</div>
							<div class="track-detail-wrapper" id="trackDetailWrapper12523">
								<div class="track-detail-arrow">
									<img src="http://s.luoo.net/img/trian.png" />
								</div>
								<div class="track-detail rounded clearfix">
									<div class="player-wrapper">
										<img src="http://img2.luoo.net/pics/albums/7150/cover.jpg_580x580.jpg" alt="树音乐1" class="cover rounded">
										<p class="name">理解</p>
										<p class="artist">Artist: 病蛹乐队</p>
										<p class="album">Album: 树音乐1</p>
									</div>
									<div class="lyric-wrapper">
										<div class="lyric-content">
										</div>
									</div>
								</div>
							</div>						
							<!--track-detail-wrapper end-->
						</li>
						
						<li class="track-item rounded" id="track12524" data-fav="0">
							<div class="track-wrapper clearfix">				
								<span class="btn-control btn-play">
									<i class="icon-status-play"></i>
									<i class="icon-status-pause"></i>
								</span>
								<a href="javascript:;" rel="nofollow" class="trackname btn-play">06. 别让梦醒来</a>
								<span class="artist btn-play">左右乐队</span>
								
								<a href="javascript:;" rel="nofollow" class="icon-info" data-sid="12524" data-sname="别让梦醒来"></a>
													
								<a href="javascript:;" rel="nofollow" class="btn-action-share icon-share"  data-app="single" data-id="12524" data-text="推荐左右乐队的歌曲《别让梦醒来》（分享自@落网电台）" data-img="http://img2.luoo.net/pics/albums/5982/cover.jpg_580x580.jpg">
								</a>

								<a href="javascript:;" rel="nofollow" class="btn-action-like icon icon-fav" data-id="12524" data-type="single" data-cback="single_like_callback">
								</a>	

							</div>
							<div class="track-detail-wrapper" id="trackDetailWrapper12524">
								<div class="track-detail-arrow">
									<img src="http://s.luoo.net/img/trian.png" />
								</div>
								<div class="track-detail rounded clearfix">
									<div class="player-wrapper">
										<img src="http://img2.luoo.net/pics/albums/5982/cover.jpg_580x580.jpg" alt="末时代" class="cover rounded">
										<p class="name">别让梦醒来</p>
										<p class="artist">Artist: 左右乐队</p>
										<p class="album">Album: 末时代</p>
									</div>
									<div class="lyric-wrapper">
										<div class="lyric-content">
										</div>
									</div>
								</div>
							</div>						
							<!--track-detail-wrapper end-->
						</li>
						
						<li class="track-item rounded" id="track12525" data-fav="0">
							<div class="track-wrapper clearfix">				
								<span class="btn-control btn-play">
									<i class="icon-status-play"></i>
									<i class="icon-status-pause"></i>
								</span>
								<a href="javascript:;" rel="nofollow" class="trackname btn-play">07. To Be With You</a>
								<span class="artist btn-play">Mr. Big</span>
								
								<a href="javascript:;" rel="nofollow" class="icon-info" data-sid="12525" data-sname="To Be With You"></a>
													
								<a href="javascript:;" rel="nofollow" class="btn-action-share icon-share"  data-app="single" data-id="12525" data-text="推荐Mr. Big的歌曲《To Be With You》（分享自@落网电台）" data-img="http://img2.luoo.net/pics/albums/7151/cover.jpg_580x580.jpg">
								</a>

								<a href="javascript:;" rel="nofollow" class="btn-action-like icon icon-fav" data-id="12525" data-type="single" data-cback="single_like_callback">
								</a>	

							</div>
							<div class="track-detail-wrapper" id="trackDetailWrapper12525">
								<div class="track-detail-arrow">
									<img src="http://s.luoo.net/img/trian.png" />
								</div>
								<div class="track-detail rounded clearfix">
									<div class="player-wrapper">
										<img src="http://img2.luoo.net/pics/albums/7151/cover.jpg_580x580.jpg" alt="Lean into It" class="cover rounded">
										<p class="name">To Be With You</p>
										<p class="artist">Artist: Mr. Big</p>
										<p class="album">Album: Lean into It</p>
									</div>
									<div class="lyric-wrapper">
										<div class="lyric-content">
										</div>
									</div>
								</div>
							</div>						
							<!--track-detail-wrapper end-->
						</li>
						
						<li class="track-item rounded" id="track12526" data-fav="0">
							<div class="track-wrapper clearfix">				
								<span class="btn-control btn-play">
									<i class="icon-status-play"></i>
									<i class="icon-status-pause"></i>
								</span>
								<a href="javascript:;" rel="nofollow" class="trackname btn-play">08. 天使</a>
								<span class="artist btn-play">瘦人乐队</span>
								
								<a href="javascript:;" rel="nofollow" class="icon-info" data-sid="12526" data-sname="天使"></a>
													
								<a href="javascript:;" rel="nofollow" class="btn-action-share icon-share"  data-app="single" data-id="12526" data-text="推荐瘦人乐队的歌曲《天使》（分享自@落网电台）" data-img="http://img2.luoo.net/pics/albums/7152/cover.jpg_580x580.jpg">
								</a>

								<a href="javascript:;" rel="nofollow" class="btn-action-like icon icon-fav" data-id="12526" data-type="single" data-cback="single_like_callback">
								</a>	

							</div>
							<div class="track-detail-wrapper" id="trackDetailWrapper12526">
								<div class="track-detail-arrow">
									<img src="http://s.luoo.net/img/trian.png" />
								</div>
								<div class="track-detail rounded clearfix">
									<div class="player-wrapper">
										<img src="http://img2.luoo.net/pics/albums/7152/cover.jpg_580x580.jpg" alt="第七天" class="cover rounded">
										<p class="name">天使</p>
										<p class="artist">Artist: 瘦人乐队</p>
										<p class="album">Album: 第七天</p>
									</div>
									<div class="lyric-wrapper">
										<div class="lyric-content">
										</div>
									</div>
								</div>
							</div>						
							<!--track-detail-wrapper end-->
						</li>
						
						<li class="track-item rounded" id="track12527" data-fav="0">
							<div class="track-wrapper clearfix">				
								<span class="btn-control btn-play">
									<i class="icon-status-play"></i>
									<i class="icon-status-pause"></i>
								</span>
								<a href="javascript:;" rel="nofollow" class="trackname btn-play">09. Green</a>
								<span class="artist btn-play">麦田守望者乐队</span>
								
								<a href="javascript:;" rel="nofollow" class="icon-info" data-sid="12527" data-sname="Green"></a>
													
								<a href="javascript:;" rel="nofollow" class="btn-action-share icon-share"  data-app="single" data-id="12527" data-text="推荐麦田守望者乐队的歌曲《Green》（分享自@落网电台）" data-img="http://img2.luoo.net/pics/albums/7153/cover.jpg_580x580.jpg">
								</a>

								<a href="javascript:;" rel="nofollow" class="btn-action-like icon icon-fav" data-id="12527" data-type="single" data-cback="single_like_callback">
								</a>	

							</div>
							<div class="track-detail-wrapper" id="trackDetailWrapper12527">
								<div class="track-detail-arrow">
									<img src="http://s.luoo.net/img/trian.png" />
								</div>
								<div class="track-detail rounded clearfix">
									<div class="player-wrapper">
										<img src="http://img2.luoo.net/pics/albums/7153/cover.jpg_580x580.jpg" alt="Green" class="cover rounded">
										<p class="name">Green</p>
										<p class="artist">Artist: 麦田守望者乐队</p>
										<p class="album">Album: Green</p>
									</div>
									<div class="lyric-wrapper">
										<div class="lyric-content">
										</div>
									</div>
								</div>
							</div>						
							<!--track-detail-wrapper end-->
						</li>
						
						<li class="track-item rounded" id="track12528" data-fav="0">
							<div class="track-wrapper clearfix">				
								<span class="btn-control btn-play">
									<i class="icon-status-play"></i>
									<i class="icon-status-pause"></i>
								</span>
								<a href="javascript:;" rel="nofollow" class="trackname btn-play">10. 08年我们结婚</a>
								<span class="artist btn-play">逃跑计划乐队</span>
								
								<a href="javascript:;" rel="nofollow" class="icon-info" data-sid="12528" data-sname="08年我们结婚"></a>
													
								<a href="javascript:;" rel="nofollow" class="btn-action-share icon-share"  data-app="single" data-id="12528" data-text="推荐逃跑计划乐队的歌曲《08年我们结婚》（分享自@落网电台）" data-img="http://img2.luoo.net/pics/albums/7154/cover.jpg_580x580.jpg">
								</a>

								<a href="javascript:;" rel="nofollow" class="btn-action-like icon icon-fav" data-id="12528" data-type="single" data-cback="single_like_callback">
								</a>	

							</div>
							<div class="track-detail-wrapper" id="trackDetailWrapper12528">
								<div class="track-detail-arrow">
									<img src="http://s.luoo.net/img/trian.png" />
								</div>
								<div class="track-detail rounded clearfix">
									<div class="player-wrapper">
										<img src="http://img2.luoo.net/pics/albums/7154/cover.jpg_580x580.jpg" alt="带我离开" class="cover rounded">
										<p class="name">08年我们结婚</p>
										<p class="artist">Artist: 逃跑计划乐队</p>
										<p class="album">Album: 带我离开</p>
									</div>
									<div class="lyric-wrapper">
										<div class="lyric-content">
										</div>
									</div>
								</div>
							</div>						
							<!--track-detail-wrapper end-->
						</li>
						
						<li class="track-item rounded" id="track12529" data-fav="0">
							<div class="track-wrapper clearfix">				
								<span class="btn-control btn-play">
									<i class="icon-status-play"></i>
									<i class="icon-status-pause"></i>
								</span>
								<a href="javascript:;" rel="nofollow" class="trackname btn-play">11. 阿诗玛</a>
								<span class="artist btn-play">谢天笑</span>
								
								<a href="javascript:;" rel="nofollow" class="icon-info" data-sid="12529" data-sname="阿诗玛"></a>
													
								<a href="javascript:;" rel="nofollow" class="btn-action-share icon-share"  data-app="single" data-id="12529" data-text="推荐谢天笑的歌曲《阿诗玛》（分享自@落网电台）" data-img="http://img2.luoo.net/pics/albums/7155/cover.jpg_580x580.jpg">
								</a>

								<a href="javascript:;" rel="nofollow" class="btn-action-like icon icon-fav" data-id="12529" data-type="single" data-cback="single_like_callback">
								</a>	

							</div>
							<div class="track-detail-wrapper" id="trackDetailWrapper12529">
								<div class="track-detail-arrow">
									<img src="http://s.luoo.net/img/trian.png" />
								</div>
								<div class="track-detail rounded clearfix">
									<div class="player-wrapper">
										<img src="http://img2.luoo.net/pics/albums/7155/cover.jpg_580x580.jpg" alt="谢天笑与冷血动物" class="cover rounded">
										<p class="name">阿诗玛</p>
										<p class="artist">Artist: 谢天笑</p>
										<p class="album">Album: 谢天笑与冷血动物</p>
									</div>
									<div class="lyric-wrapper">
										<div class="lyric-content">
										</div>
									</div>
								</div>
							</div>						
							<!--track-detail-wrapper end-->
						</li>
						
						<li class="track-item rounded" id="track12530" data-fav="0">
							<div class="track-wrapper clearfix">				
								<span class="btn-control btn-play">
									<i class="icon-status-play"></i>
									<i class="icon-status-pause"></i>
								</span>
								<a href="javascript:;" rel="nofollow" class="trackname btn-play">12. 新长征路上的摇滚</a>
								<span class="artist btn-play">崔健</span>
								
								<a href="javascript:;" rel="nofollow" class="icon-info" data-sid="12530" data-sname="新长征路上的摇滚"></a>
													
								<a href="javascript:;" rel="nofollow" class="btn-action-share icon-share"  data-app="single" data-id="12530" data-text="推荐崔健的歌曲《新长征路上的摇滚》（分享自@落网电台）" data-img="http://img2.luoo.net/pics/albums/7156/cover.jpg_580x580.jpg">
								</a>

								<a href="javascript:;" rel="nofollow" class="btn-action-like icon icon-fav" data-id="12530" data-type="single" data-cback="single_like_callback">
								</a>	

							</div>
							<div class="track-detail-wrapper" id="trackDetailWrapper12530">
								<div class="track-detail-arrow">
									<img src="http://s.luoo.net/img/trian.png" />
								</div>
								<div class="track-detail rounded clearfix">
									<div class="player-wrapper">
										<img src="http://img2.luoo.net/pics/albums/7156/cover.jpg_580x580.jpg" alt="新长征路上的摇滚" class="cover rounded">
										<p class="name">新长征路上的摇滚</p>
										<p class="artist">Artist: 崔健</p>
										<p class="album">Album: 新长征路上的摇滚</p>
									</div>
									<div class="lyric-wrapper">
										<div class="lyric-content">
										</div>
									</div>
								</div>
							</div>						
							<!--track-detail-wrapper end-->
						</li>
							
			</ul>
			<!--/// tracklist end -->
			
			<!-- player-follow -->
			<div class="player-follow clearfix" id="playerFollow">
				<img src="" class="cover" id="PFCover">
				<div class="fleft">
					<p class="name" id="PFName"></p>
					<p class="artist" id="PFArtist"></p>
					<p class="sns" id="PFSns">						
						<a href="javascript:;" rel="nofollow" class="btn-action-like icon-follow-fav PFFav" data-type="single" data-cback="single_like_callback"></a>
						<a href="javascript:;" rel="nofollow" class="btn-action-share icon-follow-share PFShare" data-app="single"></a>
					</p>
				</div>
				<a href="javascript:;" rel="nofollow" class="jp-previous">
					<span class="icon-follow-prev"></span>
				</a>
				<a href="javascript:;" rel="nofollow" class="jp-play">
					<span class="icon-follow-play"></span>
				</a>
				<a href="javascript:;" rel="nofollow" class="jp-pause" style="display: none;">
					<span class="icon-follow-pause"></span>
				</a>
				<a href="javascript:;" rel="nofollow" class="jp-next">
					<span class="icon-follow-next"></span>
				</a>

				<a href="javascript:;" rel="nofollow" class="btn-volume" id="PFBtnVolume">								
					<span class="icon-unmute"></span>
				</a>
				
				<div class="volume-bar-wrapper" id="PFVolBar">
					<div class="volume-bar jp-volume-bar">
						<div class="volume-bar-value jp-volume-bar-value"></div>
					</div>
				</div>
			</div>
			<!-- player-follow end ///-->

			<div>
				<div id="luooPlayerContent"></div>
				<div class="jp-playlist" style="display:none;">
					<ul>
						<li></li>
					</ul>
				</div>
			</div>	
		</div>
		
		
		<!-- relative vol -->
		<div class="relative-vol">
			<h3>相似期刊</h3>
			<div class="clearfix">
				
						<div class="item">
							<a href="http://www.luoo.net/music/002" class="cover-wrapper">
								<img src="http://img2.luoo.net/pics/vol/5254f363c1797.jpg_160x120.jpg" alt="记忆中的碎片" class="cover rounded">
							</a>
							<div class="vol-info">
								<a href="http://www.luoo.net/music/002" title="记忆中的碎片" class="title">vol.002 记忆中的碎片</a>
								<p class="description">1776人收藏</p>
							</div>
						</div>
					
						<div class="item">
							<a href="http://www.luoo.net/music/417" class="cover-wrapper">
								<img src="http://img2.luoo.net/pics/vol/5253d14d87579.jpg_160x120.jpg" alt="时代后面的伤感歌曲" class="cover rounded">
							</a>
							<div class="vol-info">
								<a href="http://www.luoo.net/music/417" title="时代后面的伤感歌曲" class="title">vol.417 时代后面的伤感歌曲</a>
								<p class="description">1763人收藏</p>
							</div>
						</div>
					
						<div class="item">
							<a href="http://www.luoo.net/music/041" class="cover-wrapper">
								<img src="http://img2.luoo.net/pics/vol/52550b233b440.jpg_160x120.jpg" alt="我们的那些小想法" class="cover rounded">
							</a>
							<div class="vol-info">
								<a href="http://www.luoo.net/music/041" title="我们的那些小想法" class="title">vol.041 我们的那些小想法</a>
								<p class="description">1576人收藏</p>
							</div>
						</div>
					
						<div class="item">
							<a href="http://www.luoo.net/music/344" class="cover-wrapper">
								<img src="http://img2.luoo.net/pics/vol/5254b25646ebf.jpg_160x120.jpg" alt="出门人" class="cover rounded">
							</a>
							<div class="vol-info">
								<a href="http://www.luoo.net/music/344" title="出门人" class="title">vol.344 出门人</a>
								<p class="description">2052人收藏</p>
							</div>
						</div>
								</div>
		</div>
		<!--// relative vol end-->	

		<!--// comment-wrapper end-->		
		<div class="comment-wrapper" id="comment">
			
			<div class="comment-editor">
				<a href="javascript:;" class="avatar-wrapper" id="commentAvatarHolder" rel="nofollow">
					<img src="http://s.luoo.net/img/avatar.gif" alt="" class="avatar rounded">
				</a>
				<div class="editor-wrapper">
					<form action="http://www.luoo.net/comment/add" id="commentForm">
						<div class="editor rounded">
							<div class="reply-wrapper">
								<a href="javascript:;" class="reply-at-user" id="replyAtUser">@xxx：</a>
								<span id="replyQuotes"></span>
								<a href="javascript:;" class="cancle-reply" title="取消回复">&times;</a>
							</div>
							
							<textarea name="content" spellcheck="false" id="commentEditor" autocomplete="off"></textarea>

						</div>
						
						<div class="toolbar rounded clearfix">
							<div class="sns-sync">
								同步到
								<a href="http://www.luoo.net/comment/sync/weibo" rel="nofollow" class="sns-item btn-action-comment-sync">
									<span class="icon-share-weibo"></span>
									<input type="hidden" name="sync[weibo]" value="0" class="input-comment-sync">
								</a>
								<a href="http://www.luoo.net/comment/sync/douban" rel="nofollow" class="sns-item btn-action-comment-sync">
									<span class="icon-share-douban"></span>
									<input type="hidden" name="sync[douban]" value="0" class="input-comment-sync">
								</a>
								<a href="http://www.luoo.net/comment/sync/tweibo" rel="nofollow" class="sns-item btn-action-comment-sync">
									<span class="icon-tweibo"></span>
									<input type="hidden" name="sync[tweibo]" value="0" class="input-comment-sync">
								</a>
							</div>
							<button class="btn btn-positive btn-not-ready rounded" id="commentSubmit" data-tipid="commentSubmitDialog" data-remote="http://www.luoo.net/login/dialog" data-width="235">发布</button>
						</div>

						<input type="hidden" name="app_id" value="1">
						<input type="hidden" name="res_id" value="663">
						<input type="hidden" id="txtCommentAt" name="comment_at" value="0">
					</form>
				</div>
				<!-- editor-wrapper end-->
			</div>
			<!-- comment-editor end -->

			<div class="comment-sort">
				<a class="curt-sort" id="commentSort" href="javascript:;">
					<span id="commentSortText">最新评论</span>
					<span class="comment-count" id="commentCount"></span> 
					<span class="icon-comment-sort-menu"></span>
				</a>
				<div class="sort-menu" id="commentSortMenu">
					<a class="comment-sort-item" href="javascript:;" data-url="http://www.luoo.net/comment/get/app/1/id/663/sort/new">最新评论</a>
					<a class="comment-sort-item" href="javascript:;" data-url="http://www.luoo.net/comment/get/app/1/id/663/sort/hot">热门评论</a>					
				</div>
			</div>				

			<div class="comment-list" id="commentList">
				
			</div>
		</div>
		<!--/// comment-wrapper end -->		
	</div>
<script>
	try{
		var pl = "U2FsdGVkX193i56nDFK/6VM6s6Wb5gIDYMAkISXSSDVyTkLkfBceL/VhZXHVWGRGAFsONqnnIOKelQuKPkvW97Kjc0bbnhMBBQAqSptUYVig41QDriB+sjA1M9591jUvmYV6yMJ7U0ncxNsrfjzhnMXNUmqCcTGOblt0nYpdoGFzT31IdFrUArdJX9HrDWY5tdm/BakR835Nq5BGTYpKl2WiD5S1dZbIFdunS8TpgOk9HiiqNS4GSlLeXzds3qXlOT1oFNW4jyoDjpte940pUqc/etVRIY7ywj1boRvw3d7y9YEgGpPpBgNzV2eIlpol2L/nUsz6lfHxwLHGmBXiwgcPJd9yI4N/oaerfHoBl20rkH/l9W2flInvWQfK2+Asuv4CFvjHJyiAPcbMPmiU1nuRSNutAbO6+uUQCSENy/zz40lP/3W3nAxl/odhthbixNfdrGH3JXZNr6KXJdL9a1fjlF7TF+Qx0ZAE5xtuFI5UkGCBPTHdVDBteJUmVKckz98zjSu8vqbVMf3q6shHtzud7ikMmhSUfOp+79mBEKzyqPWpa1N2qWUDgIP1ASvHWg5H8YAcUxR8KDmSPHJ7NEjULEQzs7Z1hNcI1ldYPB0DPGb27xGdGE4HQwwgRzsxfUHvEdMlRWP9mkQBIYu2q7DCR129Sifm7xM5zyuObTmHr5FSIvwOl1PYiy+Oze6Uf3U45gvyicriSJMNfQI3Or/KaWi3qye5Y3fffc58E3h7emV3HyngpzLpQrxK3kUMw6A6sPSXB2OmBXB5Vt+Cc8PLM1od209KCfK6m5wmkw9c9wrZPj0KytHCXP2xc5gxTjzrveJbpH2qdOXgC1qlIZvuanfS1hyevR44eb443ERp7/YdS0AVvtYi0ANLfQEvvZ8dRzL0rEGQGxuea+qwDYSdKuPd6NEdMV9Mx3NVJDQSU8ZgeJccUO4HznqvZRGhx3b1YFjpcv7XKJITQh3wP3Fo/8EdB7mAONao0eVsurWzo426DR5SSGUSGtbUngmplijFopJ/EHkubR8gZgb44bvBKZ0lFxLZmbkt2plIGo4lTsAwkPNMxjaHPEZYaUmWJa10UPnPovgFY+7fe+hAOpE4lJ+teza+sIu9bU4AlI2WFPhGHHCPm+b6WcZvKbeOT/OVOupT89U3q05DAzKz9F8O2slx5lgcdQ/3RpESJVhlTzZoZv5+sttZb+ZSyG1p9pYujqy0wJXmkJL4vie/TP9Z0omZJur/WxQzIa1lclqE6Bwvokhed3S987pLPgIeULXcL/psTrOd/li8tq8WzttKWN2VJlt8MkQMsu6Th+CpReBXmZngFebsLM0OLpxKXCsBWsCtFElehD5ztVfgmDz0rKXvz90k2vF8L1+zGu+x/CXktPcy2HoStWumD1aB6j6YTgiQku7EqKyhHDwTlOIhLDInVFgIHiLH2ZqDQ8WFFTMGEab/UoFe5ZuUMb0ud2ybezC3oMJX1zdC40cpwa4HKs92/oFNBMxAbzakxvE7tINFyiNzbukZBJl6KsPhzve+ACRhsjgPDVHVvw1ZsdBM6PLzIWxdofuGVyuXZyEbfJlBavto0jPsm37EF30YpnpHIJ64mm1jxdYkdSaiML6+RsbPvTA2FlRZ2fHEnRINrqe+YzxfVtqlgLvGA2q6TwOHzc/JTPIzQjSxwVtRq65X8euHws9DQcB0ZsNfkm/fIVtIt1N4P1/P1+T1Xqdb2fxRARSGRiH8u9LU1U1sv9qVfpleHwyFkm2e39WfEfxu4sHVJU96yEPTKnUE/LshjP4zcuNShiCngy+d2TwZxQsORn69bhv10zC+HAR002+LUPDnG78PajwgiHP3xlqr7aN/OJZkYu5YQ5xtPAQfDVY5vi1pwkq71AeZW6kfpISAlp25gG99WrSWiYMGRw3NtmUvd5ietg6QUGHflcyKzyiC4AJlultwa8i+B2RSpQid3Q3+R0NUmx1+veO4ZZ/3oOgC3FmiAa2j/Ur8APU6DC20/Uuq5uad9WyCrqu40cHf/cLBKmlKq2wtRthcwXh4Z3p+XoZLWDRLT8uAJkheSwRGJ4zmjwYtWwLqu8nRT6ONFjZ6RuRaIa58lMO6oAWrHjs9jLDtFT9NihW7PWS58fgiZGGH+DzMYSbnr8QDHQQp9N2wYFyqMIrq8CYahiYnMgImvCfkYe4yjmnMWLcVBOLhRxYmOIy/llUpcUNyQx8MSh5Us2roVpeRRAEqkYThm0+5jRjAK6VsyMLX8+mQAcFD4rKWG6KpJqg4FcjtPyHRmqkvCwmrP3wSYEagmaBhvH36qOnzcX6fb8e8FUixuFQxndOnrsE6h6OF49ikg6JM+TdA73U2IBOJrfhXb0WQQJ3n1zr4dnX0BTyWek0hGXkOE7Vnt51kksjIIu5z4asKLx6MoHznV97/eQFn1kpzlKj6Pbu5twJMuwf/K1HRykz69WNMttOjor6NhSCbkCurx4hTgdl0OQitgXw+ISWt/9DCElKTNbeRHSDhOBfEOM9Zo5QDpVDj8WSJSHy/fw8GXPbo2u0ZoapX2DwnM/Vygot/D5MLx0sJmwk4RZznnlivDkoyR0OjY/Me7uHhg/U8Zt/R/tA+zByKSObUdL7UItfGi1FEu9YOuvhrUuFf/CQIpz7sEO1LPbb3IT/dClnEgKrwDtSY0oNHwcjQp4CZK+UGCdqKi1ctR2quYxzsP0Jv4PQ1Ou1gMqeb4AiHqSrFp/2x/REACGQlWwkkeurPdfWtLYAM3fe0BGFV60s2OfFacCd3xN4GrJNMdsvYpJkyySpV8Oe15IQe1PB5sbuuOC030Xa6N8qBzsrOFAqpznA0W1SQdFfUT5GPey508HrnDFvmWvnhjsjwjDVIFF86NJnOfgYriQZtTBQ5YV2M6BJ788t6rgdjLl2kAEzkrOtKTl5/M6YwwrGPFVt3MMbSG6mSvFT5Sst4me2hIMtyG9RWrztJvpsPSeetvQjfcSUWRQVshkKbrSg93f684ZHvCPaoOnRGq1dpjWxE42G1fhp6I3BI+JskmktT7UvBBjp8xw9PzFZQNbzHNQFfU28RuVPOLxGuzq54vT+PqljJtms3c+XOFDIBT0adXyV/xVlf+GuDtHuhQBkWY3jPB60DKbPlGGFz63A2anR57mt97/GEj+b5xUMYKm0tOB0/Fe8v6OVOa4ygqIVTkE8vOEcTnIk2SHPCJK+UJ8Q4qJRi3i64YFcr98l4A+S1wBiEFjRvPcvAjt860iv8WPNFrFgAYuDunAKC4pZSS483Af+rnFzIBmpGy64LvYCXyfvD0918rMHGC8C2gGwR6ApJCs+8TzJbRaleH0O5PWQIXdmPgIKLHNP7ea4l/Ohj9mNuo6sFVQ6Gj+V6oSn+myj+6O9MZm+/JsJ097iEQxFRL/Z4QmMoYnBdT8QVOQADGQRS6brM6TKBkeTeTCQohBoLMzAbY3obX6BZM+II5h91KARjL3xVx57nsZ+gYYGFTXlo5HRC9VzU8QGu/M0mWuDLEkWMiLseKzUk2UqwJaBAoOdiwA05apKgEXyWbKPAU8FPKkR5TuyDdQAODaMKo8DvB4N9MADi4+Rxn243SWb0IQimAPDNBtyEGgASh6vVIe820H4irDKyC9zItfDUOz45yXhccfOPOyOg2Dyh3/igsGeQrKdeN7ZdXZhulTpRp/DQZMcNZ7YGHKgRDocQ3pi0SfdygbGkK16MI3ZSi4i3eacGIpaTEq0LdJ9hwaRyOyEvQnpsy732hhHBLx/z8TzablTBcmyrI40DEJg4LcbOfDW5Fs59NYngsZVg4Yw0lPN064iuQ4DT9iSSjBc6aeProoBnWZRhib0EnEYJemfQKUGano31x/FUDlPqSUIntEtwKCN85J/LRodgehmbtf4v8Awg37mlyp+SGvzWjOzlM3jdLg4hvit2YI/omene5jSrX4jiLPtGrxKgb/IL8eWGOCw8CG/zPduc+sIgEnY0Xj3BEbkPjkt1V/x8RU5ZgSaJSg3/WHojZdq9iMkOEvMCB7mzO2wfeGb3ZoaH5agpR8eviswQOWHUIFbkF/R0rybMi02AKWVQLN6e3015mXV7wzxmwVWbThgbGu63e55j4gc1NS9gTBEeLHmm1Go20YcgqdUoh7YzYTlPX1HVH+ZvtfIwX6pJeiSqzgvImAZg144s3b3WiWxe2sRJn4hlNDiiUK9QoN7vbc8EEYCaW+AD/Recf8QMozPhVC1IuhhTepZIyWP2AzieHEMBz2aOGR4VEDdWuxUa3NYFFdu0LC9ATJU+Q/4RI15e0jRq7R4WKyrByCx19EMSLk01rKUk3fjHta0YFXMLDiyi30CLpe2ZXZr+XkAgDIfJOt2ARQ+V9PnoYDRJqHZE4g2b3XpxMm4RBMRnXsxNiUf/zRd9n/Alsg0QvGT0vjlkLbgHyLwWMNRofG+R/mzY1Prdl0pltl+kzdTDk9VAAwISBjustGMSoUOR4NAZQNHTH3kq+bCMsxhEW4VQ8yNY29I5o5ZgE1pK41+D+Vfau69vQXokq4/ETiEt7neYTqRooqVX9jsWXHTpdmKp4VapRcJV3MSm63iOD0uUjc7aYuZa9zElARcscr/cZ7wL3HiYBds+pSmoiq/5n8cHZMuM5+n7/KfY5oZ44Fw1f95cf+KgV/GchBnhPrKySttM3DsiJ8Cxa22fK/jlihfi/FzUMvmDhlTrnSQaRrUrLr9vjT7LKS1BcNtGX1GcAWzy2BnIjjyyyPvSmD7gIUvACj6KSdRpd9wbtp/4mbCp2m1MfT7CduqnH0JknQ96JtprFz3Dfp/SlFQL4bsiosef8aKARv3mPqD/K3tM6v5iclVLmMUfFxC3M2f/WLwd65GVMXGdXDiN7b3Ok/qO2GQ4A27Sn8L0tv/58fl6PTvi9KzfQT/DGVkAM5uOQOLFQA/u+zHimxSlq8U3yURi01EvQZECVr78iTkthENo0gDClTQ6Ih5DqJNm17DrXTreAfI0btP4CPjjawhmw/WMM0f8L797UvsMRknuZ8Nne5sBm5gl9pDwPHqVnkV0q4nDW93PpUrAENXlxvEpIWzugAmiuJHZLX8yys5slgpqozvVBFY/sDD2BrxAfXVzVFZ4oMH/J60H/SiaQ7G94z+gfreElXg+TjxUOVThYtC37M2mHTYuLelU+tkl6O2RGWJoRKI+WMD+dgd8bmHwDagl5wbPzb3EvYce5KunxTkobmT7tNpglMGA1iiJBeebEKlWAH1OejDYDHpIBbl2f03NaNd1nOPicdurNsuNeOPRs6y+vmFJcX28AL/G97GWWZSu3dwuitx90hGjHAG//T3gTZ3lzJ4HvJuTmWWpoyQeDjSg5f7CPE3aKBlKPuAW3Clt++lATwAwmYx/HEL24Cdd4oFzHlO55578+2n1nP1aQTB9atSSyTZlwYJ6tiD9tGD0YqybZDVmbWLM9M+f4kEcipvEm1QrAUW4Ixw0m2DDXD8Utt+ZR9ip351Yvzzj2e5OyG80y/wGoPLZ7zYDh0WsQQykiVGmB1HGbGmL7qg7xAhrbDFHOXVI0IpXqIZPcK+aT9T9EZ2tfhgSn1+id2FptBoV6U5DrLVHXEZUqp4I8JY50t8C1z5Ea3zV8yLCfo7DKi+R+t0mRSjs59gqnLFJbtv3qxG2AQyT561erlk3yo33lGqzXcTiN8vJ61+57S2z";
		var sid = 0;
	}catch(e){}
	$(function(){
		$('#commentList')
		.data({app:"1", id:"663", url: "http://www.luoo.net/comment/get", commid: "0"})
		.getComments();
	})
</script>
<!-- 
<script src="http://s.luoo.net/thirdparty/emojify.js/emojify.min.js?v2.3.1"></script>
<script src="http://s.luoo.net/thirdparty/jquery.textcomplete/jquery.textcomplete.min.js?v2.3.1"></script>
<script src="http://s.luoo.net/thirdparty/jquery.textcomplete/emoji.js?v2.3.1"></script>
 -->
<script src="http://s.luoo.net/thirdparty/jquery.sticky-kit/jquery.sticky-kit.min.js?v2.3.1"></script>
<script src="http://s.luoo.net/js/vol.js?v2.3.1"></script>
<script src="http://s.luoo.net/js/comment.js?v2.3.1"></script>
<div class="footer">
	<div class="foot-ct clearfix">
		<div class="about-wrapper">
			<h4 class="foot-item-head">关于</h4>
			<p><a class="ln-about" href="http://www.luoo.net/about/">关于落网</a></p>
			<p><a class="ln-about" href="http://www.luoo.net/jobs/">加入我们</a></p>
			<p><a class="ln-about" href="http://www.luoo.net/contact/">联系合作</a></p>
			<p><a class="ln-about" href="javascript:;" id="feedback">反馈建议</a></p>
			<p><a class="ln-about" href="http://www.luoo.net/links/">友情链接</a></p>
		</div>
		<div class="app-wrapper">
			<h4 class="foot-item-head">APP</h4>
			<p>
				<a class="ln-app" href="http://www.luoo.net/app/"><span class="icon-ios"></span>&nbsp;&nbsp;for iPhone</a>
			</p>
			<p><a class="ln-app" href="http://www.luoo.net/app/"><span class="icon-android"></span>&nbsp;&nbsp;for Android</a></p>
			<p><a class="ln-app" href="http://www.luoo.net/app/"><span class="icon-wp"></span>&nbsp;&nbsp;for Windows Phone 8</a></p>
		</div>
		<div class="sns-wrapper">
			<h4 class="foot-item-head">关注落网</h4>
			<div class="sns-items">
				<a class="icon-sns-qq" id="luooQqAccount">
					<span class="qq-group">
						落网QQ官方群
						·324063420
						<br>
						·55728744
					</span>
				</a>
				<a href="http://s.luoo.net/img/wechat-qr.gif" target="_blank" class="icon-sns-wechat" id="luooWechatAccount">
					<img src="http://s.luoo.net/img/wechat-qr.gif" alt="wechat" class="wechat-qr">
				</a>
				<a href="http://weibo.com/luoofm" target="_blank" class="icon-sns-weibo"></a>
				<a href="http://www.douban.com/group/luoo/" target="_blank" class="icon-sns-douban"></a>
				<a href="https://twitter.com/Luoofm" target="_blank" class="icon-sns-twitter"></a>
				<a href="https://www.facebook.com/luoofm" target="_blank" class="icon-sns-fb"></a>
				<a href="http://instagram.com/luoofm" target="_blank" class="icon-sns-ins"></a>
			</div>
			<p class="icp">&copy; 2014 落网</p>
			<p class="slogan">
				<span class="icon-slogan"></span>
			</p>
		</div>
	</div>
</div>
<div id="backTop">&nbsp;</div>
<div id="feedbackWrapper" style="display:none;">
	<div class="feedback-wrapper">
		<form id="frmFeedback" action="http://www.luoo.net/feedback/" callback="feedback_cback" class="form-ajax">
			<p class="fb-group">
				<textarea name="content" class="rounded"></textarea>
			</p>
			<p class="fb-group helper" id="feedbackMsg">※ 请具体描述你的问题或建议</p>
			<!-- <p class="fb-group file-group">
				<a href="javascript:;" rel="nofollow" class="btn btn-positive btn-screenshot">问题截图</a>
				<input type="file" name="screen" class="btn-file">
				<span class="helper">※ 请具体描述你的问题或建议</span>
			</p> -->
			<p class="fb-group">
				<span class="label">联系方式</span>
				<input type="text" name="contact">
			</p>
			<p class="fb-group">
				<span class="label">验证码</span>
				<input type="text" name="code" class="code" maxlength="4">
				<a href="javascript:;" rel="nofollow" class="captcha-wrapper luoo-captcha-wrapper">
					<img data-src="http://www.luoo.net/data/captcha" src="" class="captcha">
				</a>
				
				<a href="javascript:;" rel="nofollow" class="btn btn-positive" id="btnFeedbackSubmit">提交</a>
				<a href="javascript:;" rel="nofollow" class="btn btn-negative" id="btnFeedbackCancle">取消</a>
				<input type="hidden" name="ref" id="txtFeedbackRef">
			</p>
		</form>
		<div id="feedbackResult" class="feedback-result">
			提交成功，非常感谢你的反馈，必要时我们将联系你。<br><br><span class="helper">窗口将在3秒后关闭。</span>
		</div>
	</div>
</div>
<img src="http://s.luoo.net/img/loading_W.gif" style="display:none;">
<script>
	$.luoo.init({root: 'http://www.luoo.net', url_static: 'http://s.luoo.net', res: {"app":{"vol":1,"essay":2,"single":3,"users":4,"comment":5,"lyric":6,"note":7,"ios":8,"android":9,"wp":10,"event":11,"livehouse":12,"app_ad":13},"uid":null,"sessid":"hu9ovjdfd2l4m7o2f2upvj5963"}, cfg: {"auto_play":true,"aes":"b6ce159334e155d8"}});
	$('#txtFeedbackRef').val(document.location.href);
</script>

<script src="http://s.luoo.net/thirdparty/artDialog/jquery.artDialog.js?v2.3.1"></script>
<script src="http://s.luoo.net/thirdparty/jquery.qtip/jquery.qtip.min.js?v2.3.1"></script>
<script src="http://s.luoo.net/thirdparty/jquery.cookie/jquery.cookie.js?v2.3.1"></script>
<!--[if lt IE 9]>
<script src="http://s.luoo.net/thirdparty/pie/PIE_IE678.js"></script>
<script>
$(function(){
	if (window.PIE) {
        $('.rounded,.page').each(function() {
            try{
            	PIE.attach(this);
            }catch(e){}
        });
    }
})
</script>
<![endif]-->
<script type="text/javascript">
var _bdhmProtocol = (("https:" == document.location.protocol) ? " https://" : " http://");
document.write(unescape("%3Cscript src='" + _bdhmProtocol + "hm.baidu.com/h.js%3Feece890fdea2bf26f412df6ae59b8a9a' type='text/javascript'%3E%3C/script%3E"));
</script>
<script type="text/javascript">
  var _gaq = _gaq || [];
  _gaq.push(['_setAccount', 'UA-5478298-1']);
  _gaq.push(['_setDomainName', 'luoo.net']);
  _gaq.push(['_trackPageview']);

  (function() {
    var ga = document.createElement('script'); ga.type = 'text/javascript'; ga.async = true;
    ga.src = ('https:' == document.location.protocol ? 'https://ssl' : 'http://www') + '.google-analytics.com/ga.js';
    var s = document.getElementsByTagName('script')[0]; s.parentNode.insertBefore(ga, s);
  })();
</script>
</body>
</html>